// Vitest Snapshot v1, https://vitest.dev/guide/snapshot.html

exports[`optimize > Match snapshot 1`] = `
[
  ".i 4
.o 1
.ilb A B C D
.ob a
.p 14
0000 1
0010 1
0011 1
0101 1
0110 1
0111 1
1000 1
1001 1
1010 -
1011 -
1100 -
1101 -
1110 -
1111 -
.e",
  ".i 4
.o 1
.ilb A B C D
.ob a
.p 14
0000 1
0001 1
0010 1
0011 1
0100 1
0111 1
1000 1
1001 1
1010 -
1011 -
1100 -
1101 -
1110 -
1111 -
.e",
  ".i 4
.o 1
.ilb A B C D
.ob a
.p 15
0000 1
0001 1
0011 1
0100 1
0101 1
0110 1
0111 1
1000 1
1001 1
1010 -
1011 -
1100 -
1101 -
1110 -
1111 -
.e",
  ".i 4
.o 1
.ilb A B C D
.ob a
.p 13
0000 1
0010 1
0011 1
0101 1
0110 1
1000 1
1001 1
1010 -
1011 -
1100 -
1101 -
1110 -
1111 -
.e",
  ".i 4
.o 1
.ilb A B C D
.ob a
.p 10
0000 1
0010 1
0110 1
1000 1
1010 -
1011 -
1100 -
1101 -
1110 -
1111 -
.e",
  ".i 4
.o 1
.ilb A B C D
.ob a
.p 12
0000 1
0100 1
0101 1
0110 1
1000 1
1001 1
1010 -
1011 -
1100 -
1101 -
1110 -
1111 -
.e",
  ".i 4
.o 1
.ilb A B C D
.ob a
.p 13
0010 1
0011 1
0100 1
0101 1
0110 1
1000 1
1001 1
1010 -
1011 -
1100 -
1101 -
1110 -
1111 -
.e",
]
`;
