// Vitest Snapshot v1, https://vitest.dev/guide/snapshot.html

exports[`toEspresso > IO 1`] = `
[
  [
    "0000",
    "1111110",
  ],
  [
    "0001",
    "0110000",
  ],
  [
    "0010",
    "1011101",
  ],
  [
    "0011",
    "1111001",
  ],
  [
    "0100",
    "0110011",
  ],
  [
    "0101",
    "1011011",
  ],
  [
    "0110",
    "1011111",
  ],
  [
    "0111",
    "1110000",
  ],
  [
    "1000",
    "1111111",
  ],
  [
    "1001",
    "1111011",
  ],
  [
    "1010",
    "-------",
  ],
  [
    "1011",
    "-------",
  ],
  [
    "1100",
    "-------",
  ],
  [
    "1101",
    "-------",
  ],
  [
    "1110",
    "-------",
  ],
  [
    "1111",
    "-------",
  ],
]
`;
